// Jest Snapshot v1, https://goo.gl/fbAQLP

exports[`renders without crashing 1`] = `
ShallowWrapper {
  Symbol(enzyme.__root__): [Circular],
  Symbol(enzyme.__unrendered__): <pure(Hotel)
    hotel={
        Object {
            "availability": Array [
              Object {
                "from": "10-10-2020",
                "to": "15-10-2020",
              },
              Object {
                "from": "25-10-2020",
                "to": "15-11-2020",
              },
              Object {
                "from": "10-12-2020",
                "to": "15-12-2020",
              },
            ],
            "city": "dubai",
            "name": "Media One Hotel",
            "price": 102.2,
          }
    }
/>,
  Symbol(enzyme.__renderer__): Object {
    "batchedUpdates": [Function],
    "getNode": [Function],
    "render": [Function],
    "simulateError": [Function],
    "simulateEvent": [Function],
    "unmount": [Function],
  },
  Symbol(enzyme.__node__): Object {
    "instance": null,
    "key": undefined,
    "nodeType": "function",
    "props": Object {
      "hotel": Object {
        "availability": Array [
          Object {
            "from": "10-10-2020",
            "to": "15-10-2020",
          },
          Object {
            "from": "25-10-2020",
            "to": "15-11-2020",
          },
          Object {
            "from": "10-12-2020",
            "to": "15-12-2020",
          },
        ],
        "city": "dubai",
        "name": "Media One Hotel",
        "price": 102.2,
      },
    },
    "ref": null,
    "rendered": null,
    "type": [Function],
  },
  Symbol(enzyme.__nodes__): Array [
    Object {
      "instance": null,
      "key": undefined,
      "nodeType": "function",
      "props": Object {
        "hotel": Object {
          "availability": Array [
            Object {
              "from": "10-10-2020",
              "to": "15-10-2020",
            },
            Object {
              "from": "25-10-2020",
              "to": "15-11-2020",
            },
            Object {
              "from": "10-12-2020",
              "to": "15-12-2020",
            },
          ],
          "city": "dubai",
          "name": "Media One Hotel",
          "price": 102.2,
        },
      },
      "ref": null,
      "rendered": null,
      "type": [Function],
    },
  ],
  Symbol(enzyme.__options__): Object {
    "adapter": ReactSixteenAdapter {
      "options": Object {
        "enableComponentDidUpdateOnSetState": true,
        "lifecycles": Object {
          "componentDidUpdate": Object {
            "onSetState": true,
          },
          "getDerivedStateFromProps": true,
          "getSnapshotBeforeUpdate": true,
          "setState": Object {
            "skipsComponentDidUpdateOnNullish": true,
          },
        },
      },
    },
    "attachTo": undefined,
    "hydrateIn": undefined,
  },
}
`;
